[REMOTE] Connecting to relay 127.0.0.1:19600 for 60 seconds
[REMOTE] Transport mode: REALTIME
  Transport mode:      REALTIME
  Retransmit:          OFF
  SACK:                OFF
  Congestion control:  OFF
  Pacing:              ON
  ACK generation:      OFF
[REMOTE] Registered with relay, session_id=1
[REMOTE] Waiting for data...
[REMOTE] 5s: pkts=416 S1=205/1 S2=211/1 errs=0
[REMOTE] 10s: pkts=836 S1=413/1 S2=423/1 errs=0
[REMOTE] 15s: pkts=1252 S1=620/1 S2=632/1 errs=0
[REMOTE] 20s: pkts=1663 S1=827/1 S2=836/1 errs=0
[REMOTE] 25s: pkts=2080 S1=1033/1 S2=1047/1 errs=0
[REMOTE] 30s: pkts=2487 S1=1236/1 S2=1251/1 errs=0
[REMOTE] 35s: pkts=2909 S1=1447/1 S2=1462/1 errs=0
[REMOTE] 40s: pkts=3327 S1=1658/1 S2=1669/1 errs=0
[REMOTE] 45s: pkts=3746 S1=1865/1 S2=1881/1 errs=0
[REMOTE] 50s: pkts=4166 S1=2074/1 S2=2092/1 errs=0
[REMOTE] 55s: pkts=4581 S1=2283/1 S2=2298/1 errs=0

[REMOTE] === Final Report ===
[REMOTE] Transport: REALTIME
[REMOTE] Total packets: 4640  bytes: 6507528  errors: 0
[REMOTE] Report: /root/.openclaw/workspace/robov11/test/integration/../../build/integration/scenario_reports/scenario_20260522_202522/H1_controller_report.txt
